install.go:225: 2025-09-08 12:27:29.023240826 -0500 CDT m=+0.045111952 [debug] Original chart version: ""
install.go:242: 2025-09-08 12:27:29.023297236 -0500 CDT m=+0.045168358 [debug] CHART PATH: /home/coder/homelab/apps/kavita

Error: template: kavita/charts/app-template/templates/common.yaml:14:3: executing "kavita/charts/app-template/templates/common.yaml" at <include "bjw-s.common.loader.generate" .>: error calling include: template: kavita/charts/app-template/charts/common/templates/loader/_generate.tpl:8:6: executing "bjw-s.common.loader.generate" at <include "bjw-s.common.render.controllers" .>: error calling include: template: kavita/charts/app-template/charts/common/templates/render/_controllers.tpl:24:12: executing "bjw-s.common.render.controllers" at <include "bjw-s.common.lib.deployment.validate" (dict "rootContext" $ "object" $deploymentObject)>: error calling include: template: kavita/charts/app-template/charts/common/templates/lib/deployment/_validate.tpl:8:14: executing "bjw-s.common.lib.deployment.validate" at <ne $deploymentValues.strategy "Recreate">: error calling ne: incompatible types for comparison
helm.go:92: 2025-09-08 12:27:29.050625328 -0500 CDT m=+0.072496469 [debug] template: kavita/charts/app-template/templates/common.yaml:14:3: executing "kavita/charts/app-template/templates/common.yaml" at <include "bjw-s.common.loader.generate" .>: error calling include: template: kavita/charts/app-template/charts/common/templates/loader/_generate.tpl:8:6: executing "bjw-s.common.loader.generate" at <include "bjw-s.common.render.controllers" .>: error calling include: template: kavita/charts/app-template/charts/common/templates/render/_controllers.tpl:24:12: executing "bjw-s.common.render.controllers" at <include "bjw-s.common.lib.deployment.validate" (dict "rootContext" $ "object" $deploymentObject)>: error calling include: template: kavita/charts/app-template/charts/common/templates/lib/deployment/_validate.tpl:8:14: executing "bjw-s.common.lib.deployment.validate" at <ne $deploymentValues.strategy "Recreate">: error calling ne: incompatible types for comparison
